PASS: 1 Fibonacci(10)=55
PASS: 2 Fibonacci(0)=0
PASS: 3 Fibonacci(1)=1
PASS: 4 Fibonacci(20)=6765
PASS: 5 GCD(48,18)=6
PASS: 6 GCD(100,75)=25
PASS: 7 GCD(7,13)=1
PASS: 8 Factorial(5)=120
PASS: 9 Factorial(0)=1
PASS: 10 Factorial(10)
PASS: 11 IsPrime(2)
PASS: 12 IsPrime(17)
PASS: 13 ~IsPrime(1)
PASS: 14 ~IsPrime(15)
PASS: 15 ~IsPrime(100)
PASS: 16 Sieve(20)
PASS: 17 ISqrt(15)=3
PASS: 18 ISqrt(16)=4
